// Jest Snapshot v1, https://goo.gl/fbAQLP

exports[`TopBar smoke test 1`] = `
ShallowWrapper {
  Symbol(enzyme.__root__): [Circular],
  Symbol(enzyme.__unrendered__): <TopBar
    cartNumber={0}
    handleSearchClear={[Function]}
    searchText=""
    searchTextHandler={[Function]}
  />,
  Symbol(enzyme.__renderer__): Object {
    "batchedUpdates": [Function],
    "checkPropTypes": [Function],
    "getNode": [Function],
    "render": [Function],
    "simulateError": [Function],
    "simulateEvent": [Function],
    "unmount": [Function],
  },
  Symbol(enzyme.__node__): Object {
    "instance": null,
    "key": undefined,
    "nodeType": "host",
    "props": Object {
      "children": Array [
        <div
          className="title"
        >
          Funny Shopping Mall
        </div>,
        <div
          className="right-container"
        >
          <div
            className="search-icon"
          >
            <i
              className="fas fa-search"
            />
          </div>
          <div
            className="search"
          >
            <input
              className="search-input"
              onChange={[Function]}
              placeholder="Search..."
              value=""
            />
          </div>
          <div
            className="cart"
          >
            <i
              className="fas fa-shopping-cart"
            />
            <span
              className="cart-number"
            >
              <Link
                to="/shoppingcart"
              >
                Current Cart(
                0
                )
              </Link>
            </span>
          </div>
        </div>,
      ],
      "className": "topbar",
    },
    "ref": null,
    "rendered": Array [
      Object {
        "instance": null,
        "key": undefined,
        "nodeType": "host",
        "props": Object {
          "children": "Funny Shopping Mall",
          "className": "title",
        },
        "ref": null,
        "rendered": "Funny Shopping Mall",
        "type": "div",
      },
      Object {
        "instance": null,
        "key": undefined,
        "nodeType": "host",
        "props": Object {
          "children": Array [
            <div
              className="search-icon"
            >
              <i
                className="fas fa-search"
              />
            </div>,
            <div
              className="search"
            >
              <input
                className="search-input"
                onChange={[Function]}
                placeholder="Search..."
                value=""
              />
            </div>,
            <div
              className="cart"
            >
              <i
                className="fas fa-shopping-cart"
              />
              <span
                className="cart-number"
              >
                <Link
                  to="/shoppingcart"
                >
                  Current Cart(
                  0
                  )
                </Link>
              </span>
            </div>,
          ],
          "className": "right-container",
        },
        "ref": null,
        "rendered": Array [
          Object {
            "instance": null,
            "key": undefined,
            "nodeType": "host",
            "props": Object {
              "children": <i
                className="fas fa-search"
              />,
              "className": "search-icon",
            },
            "ref": null,
            "rendered": Object {
              "instance": null,
              "key": undefined,
              "nodeType": "host",
              "props": Object {
                "className": "fas fa-search",
              },
              "ref": null,
              "rendered": null,
              "type": "i",
            },
            "type": "div",
          },
          Object {
            "instance": null,
            "key": undefined,
            "nodeType": "host",
            "props": Object {
              "children": Array [
                <input
                  className="search-input"
                  onChange={[Function]}
                  placeholder="Search..."
                  value=""
                />,
                false,
              ],
              "className": "search",
            },
            "ref": null,
            "rendered": Array [
              Object {
                "instance": null,
                "key": undefined,
                "nodeType": "host",
                "props": Object {
                  "className": "search-input",
                  "onChange": [Function],
                  "placeholder": "Search...",
                  "value": "",
                },
                "ref": null,
                "rendered": null,
                "type": "input",
              },
              false,
            ],
            "type": "div",
          },
          Object {
            "instance": null,
            "key": undefined,
            "nodeType": "host",
            "props": Object {
              "children": Array [
                <i
                  className="fas fa-shopping-cart"
                />,
                <span
                  className="cart-number"
                >
                  <Link
                    to="/shoppingcart"
                  >
                    Current Cart(
                    0
                    )
                  </Link>
                </span>,
              ],
              "className": "cart",
            },
            "ref": null,
            "rendered": Array [
              Object {
                "instance": null,
                "key": undefined,
                "nodeType": "host",
                "props": Object {
                  "className": "fas fa-shopping-cart",
                },
                "ref": null,
                "rendered": null,
                "type": "i",
              },
              Object {
                "instance": null,
                "key": undefined,
                "nodeType": "host",
                "props": Object {
                  "children": <Link
                    to="/shoppingcart"
                  >
                    Current Cart(
                    0
                    )
                  </Link>,
                  "className": "cart-number",
                },
                "ref": null,
                "rendered": Object {
                  "instance": null,
                  "key": undefined,
                  "nodeType": "class",
                  "props": Object {
                    "children": Array [
                      "Current Cart(",
                      0,
                      ")",
                    ],
                    "to": "/shoppingcart",
                  },
                  "ref": null,
                  "rendered": Array [
                    "Current Cart(",
                    0,
                    ")",
                  ],
                  "type": [Function],
                },
                "type": "span",
              },
            ],
            "type": "div",
          },
        ],
        "type": "div",
      },
    ],
    "type": "div",
  },
  Symbol(enzyme.__nodes__): Array [
    Object {
      "instance": null,
      "key": undefined,
      "nodeType": "host",
      "props": Object {
        "children": Array [
          <div
            className="title"
          >
            Funny Shopping Mall
          </div>,
          <div
            className="right-container"
          >
            <div
              className="search-icon"
            >
              <i
                className="fas fa-search"
              />
            </div>
            <div
              className="search"
            >
              <input
                className="search-input"
                onChange={[Function]}
                placeholder="Search..."
                value=""
              />
            </div>
            <div
              className="cart"
            >
              <i
                className="fas fa-shopping-cart"
              />
              <span
                className="cart-number"
              >
                <Link
                  to="/shoppingcart"
                >
                  Current Cart(
                  0
                  )
                </Link>
              </span>
            </div>
          </div>,
        ],
        "className": "topbar",
      },
      "ref": null,
      "rendered": Array [
        Object {
          "instance": null,
          "key": undefined,
          "nodeType": "host",
          "props": Object {
            "children": "Funny Shopping Mall",
            "className": "title",
          },
          "ref": null,
          "rendered": "Funny Shopping Mall",
          "type": "div",
        },
        Object {
          "instance": null,
          "key": undefined,
          "nodeType": "host",
          "props": Object {
            "children": Array [
              <div
                className="search-icon"
              >
                <i
                  className="fas fa-search"
                />
              </div>,
              <div
                className="search"
              >
                <input
                  className="search-input"
                  onChange={[Function]}
                  placeholder="Search..."
                  value=""
                />
              </div>,
              <div
                className="cart"
              >
                <i
                  className="fas fa-shopping-cart"
                />
                <span
                  className="cart-number"
                >
                  <Link
                    to="/shoppingcart"
                  >
                    Current Cart(
                    0
                    )
                  </Link>
                </span>
              </div>,
            ],
            "className": "right-container",
          },
          "ref": null,
          "rendered": Array [
            Object {
              "instance": null,
              "key": undefined,
              "nodeType": "host",
              "props": Object {
                "children": <i
                  className="fas fa-search"
                />,
                "className": "search-icon",
              },
              "ref": null,
              "rendered": Object {
                "instance": null,
                "key": undefined,
                "nodeType": "host",
                "props": Object {
                  "className": "fas fa-search",
                },
                "ref": null,
                "rendered": null,
                "type": "i",
              },
              "type": "div",
            },
            Object {
              "instance": null,
              "key": undefined,
              "nodeType": "host",
              "props": Object {
                "children": Array [
                  <input
                    className="search-input"
                    onChange={[Function]}
                    placeholder="Search..."
                    value=""
                  />,
                  false,
                ],
                "className": "search",
              },
              "ref": null,
              "rendered": Array [
                Object {
                  "instance": null,
                  "key": undefined,
                  "nodeType": "host",
                  "props": Object {
                    "className": "search-input",
                    "onChange": [Function],
                    "placeholder": "Search...",
                    "value": "",
                  },
                  "ref": null,
                  "rendered": null,
                  "type": "input",
                },
                false,
              ],
              "type": "div",
            },
            Object {
              "instance": null,
              "key": undefined,
              "nodeType": "host",
              "props": Object {
                "children": Array [
                  <i
                    className="fas fa-shopping-cart"
                  />,
                  <span
                    className="cart-number"
                  >
                    <Link
                      to="/shoppingcart"
                    >
                      Current Cart(
                      0
                      )
                    </Link>
                  </span>,
                ],
                "className": "cart",
              },
              "ref": null,
              "rendered": Array [
                Object {
                  "instance": null,
                  "key": undefined,
                  "nodeType": "host",
                  "props": Object {
                    "className": "fas fa-shopping-cart",
                  },
                  "ref": null,
                  "rendered": null,
                  "type": "i",
                },
                Object {
                  "instance": null,
                  "key": undefined,
                  "nodeType": "host",
                  "props": Object {
                    "children": <Link
                      to="/shoppingcart"
                    >
                      Current Cart(
                      0
                      )
                    </Link>,
                    "className": "cart-number",
                  },
                  "ref": null,
                  "rendered": Object {
                    "instance": null,
                    "key": undefined,
                    "nodeType": "class",
                    "props": Object {
                      "children": Array [
                        "Current Cart(",
                        0,
                        ")",
                      ],
                      "to": "/shoppingcart",
                    },
                    "ref": null,
                    "rendered": Array [
                      "Current Cart(",
                      0,
                      ")",
                    ],
                    "type": [Function],
                  },
                  "type": "span",
                },
              ],
              "type": "div",
            },
          ],
          "type": "div",
        },
      ],
      "type": "div",
    },
  ],
  Symbol(enzyme.__options__): Object {
    "adapter": ReactSixteenAdapter {
      "options": Object {
        "enableComponentDidUpdateOnSetState": true,
        "legacyContextMode": "parent",
        "lifecycles": Object {
          "componentDidUpdate": Object {
            "onSetState": true,
          },
          "getChildContext": Object {
            "calledByRenderer": false,
          },
          "getDerivedStateFromError": true,
          "getDerivedStateFromProps": Object {
            "hasShouldComponentUpdateBug": false,
          },
          "getSnapshotBeforeUpdate": true,
          "setState": Object {
            "skipsComponentDidUpdateOnNullish": true,
          },
        },
      },
    },
  },
  Symbol(enzyme.__childContext__): null,
}
`;
